// Vitest Snapshot v1, https://vitest.dev/guide/snapshot.html

exports[`Duckdb tests > toDuckdb > should 1`] = `
[
  {
    "created_at": DuckDBTimestampValue {
      "micros": 1669892400000000n,
    },
    "id": 1,
    "name": "Alice",
  },
  {
    "created_at": DuckDBTimestampValue {
      "micros": 1669892400000000n,
    },
    "id": 2,
    "name": "Bob",
  },
]
`;
